// Jest Snapshot v1, https://goo.gl/fbAQLP

exports[`should render ExpenseListItem correctly  1`] = `
<div>
  <h1>
    Individual Item
  </h1>
  <Link
    to="/edit/1"
  >
    <h3>
      Gum
    </h3>
  </Link>
  <p>
    $1.95
    -
    January 1st, 1970
  </p>
</div>
`;
